// Jest Snapshot v1, https://goo.gl/fbAQLP

exports[`matches snapshot 1`] = `
<DocumentFragment>
  <div>
    <h1>
      Todo List
    </h1>
    <div>
      <form>
        <label
          for="todo"
        >
          Todo:
        </label>
        <input
          id="todo"
          name="todo"
          placeholder="Enter Todo..."
          type="text"
          value=""
        />
        <button>
          Submit
        </button>
      </form>
    </div>
    <ul />
  </div>
</DocumentFragment>
`;
