// Jest Snapshot v1, https://goo.gl/fbAQLP

exports[`matches snapshot 1`] = `
<DocumentFragment>
  <div>
    <div>
      <form>
        <label
          for="width"
        >
          Width
        </label>
        <input
          id="width"
          name="width"
          placeholder="width"
          type="text"
          value="0"
        />
        <label
          for="height"
        >
          Height
        </label>
        <input
          id="height"
          name="height"
          placeholder="height"
          type="text"
          value="0"
        />
        <label
          for="color"
        >
          Color
        </label>
        <input
          id="color"
          name="color"
          placeholder="Background Color"
          type="color"
          value="#e3ae1e"
        />
        <button>
          Submit
        </button>
      </form>
    </div>
    <div />
  </div>
</DocumentFragment>
`;
